ESOMEPRAZOLE MAGNESIUM
OMEPRAZOLE MAGNESIUM
LENALIDOMIDE
RIVAROXABAN
LANSOPRAZOLE
PANTOPRAZOLE SODIUM
ACETAMINOPHEN
DEXLANSOPRAZOLE
APREMILAST
ASPIRIN
TOFACITINIB CITRATE
SODIUM OXYBATE
METFORMIN HYDROCHLORIDE
AMLODIPINE BESYLATE
POMALIDOMIDE
VALSARTAN
RUXOLITINIB
PREDNISOLONE
DEXAMETHASONE
OMEPRAZOLE
PALBOCICLIB
NAPROXEN
HYDROCHLOROTHIAZIDE
PIRFENIDONE
DIMETHYL FUMARATE
FUROSEMIDE
PREDNISONE
FINGOLIMOD HYDROCHLORIDE
PREGABALIN
LEVOTHYROXINE SODIUM
APIXABAN
IBRUTINIB
RISPERIDONE
TREPROSTINIL
VALBENAZINE
CHOLECALCIFEROL
NIRAPARIB
RABEPRAZOLE SODIUM
MACITENTAN
SACUBITRIL
OLMESARTAN MEDOXOMIL
SELEXIPAG
TACROLIMUS
CLOZAPINE
IBUPROFEN
ATORVASTATIN
METHOTREXATE
SIMVASTATIN
OXYCODONE HYDROCHLORIDE
VENETOCLAX
GABAPENTIN
LISINOPRIL
RAMIPRIL
CANAGLIFLOZIN
CLOPIDOGREL BISULFATE
PANTOPRAZOLE
ALLOPURINOL
CINACALCET HYDROCHLORIDE
POLYETHYLENE GLYCOL 3350
ENZALUTAMIDE
LEVOTHYROXINE
POTASSIUM CHLORIDE
TRIMETHOPRIM
SULFAMETHOXAZOLE
VENLAFAXINE HYDROCHLORIDE
ARIPIPRAZOLE
BISOPROLOL
LORAZEPAM
FOLIC ACID
CAPECITABINE
ALPRAZOLAM
SERTRALINE HYDROCHLORIDE
AMOXICILLIN
ABIRATERONE ACETATE
EVEROLIMUS
PIMAVANSERIN TARTRATE
ATORVASTATIN CALCIUM
DROXIDOPA
LENVATINIB
TERIFLUNOMIDE
METOPROLOL
DALFAMPRIDINE
QUETIAPINE
TICAGRELOR
SPIRONOLACTONE
DABIGATRAN ETEXILATE MESYLATE
LEVETIRACETAM
ACYCLOVIR
ESCITALOPRAM OXALATE
CETIRIZINE HYDROCHLORIDE
SITAGLIPTIN PHOSPHATE
CARVEDILOL
ZOLPIDEM TARTRATE
CLONAZEPAM
LEVODOPA
NINTEDANIB
MONTELUKAST SODIUM
QUETIAPINE FUMARATE
TRAMADOL
ROSUVASTATIN CALCIUM
BOSENTAN
LAMOTRIGINE
LORATADINE
TORSEMIDE
LEVOFLOXACIN
OLANZAPINE
MIRTAZAPINE
DIAZEPAM
SUNITINIB MALATE
CIPROFLOXACIN
METHOTREXATE SODIUM
TACROLIMUS ANHYDROUS
VITAMINS
MYCOPHENOLATE MOFETIL
METOPROLOL SUCCINATE
CITALOPRAM HYDROBROMIDE
BISOPROLOL FUMARATE
ATENOLOL
SOFOSBUVIR
PATIROMER
LURASIDONE HYDROCHLORIDE
LEVONORGESTREL
NAPROXEN SODIUM
NILOTINIB
FLUOXETINE HYDROCHLORIDE
CARBIDOPA
TELOTRISTAT ETHYL
CALCIUM CARBONATE
LOSARTAN
IVACAFTOR
RITONAVIR
VALACYCLOVIR HYDROCHLORIDE
TOPIRAMATE
ESOMEPRAZOLE
WARFARIN SODIUM
RIBAVIRIN
RUCAPARIB CAMSYLATE
LOPERAMIDE HYDROCHLORIDE
ALENDRONATE SODIUM
MAGNESIUM OXIDE
LEFLUNOMIDE
DASATINIB
CYANOCOBALAMIN
PAZOPANIB HYDROCHLORIDE
TRAMADOL HYDROCHLORIDE
SODIUM BICARBONATE
CELECOXIB
DULOXETINE HYDROCHLORIDE
SORAFENIB
ZOPICLONE
IRBESARTAN
EZETIMIBE
LETROZOLE
GLIMEPIRIDE
ONDANSETRON
SOLIFENACIN SUCCINATE
ASPIRIN DL-LYSINE
TRAZODONE HYDROCHLORIDE
EMTRICITABINE
MERCAPTOPURINE
CALCIUM
THALIDOMIDE
OXYCODONE
LOSARTAN POTASSIUM
WARFARIN
OSIMERTINIB
EMPAGLIFLOZIN
VISMODEGIB
CARBAMAZEPINE
FEXOFENADINE HYDROCHLORIDE
TOLVAPTAN
PIBRENTASVIR
GLECAPREVIR
MORPHINE SULFATE
RIOCIGUAT
PALIPERIDONE
DIPHENHYDRAMINE HYDROCHLORIDE
METOPROLOL TARTRATE
CLARITHROMYCIN
TAMSULOSIN
METHYLPHENIDATE HYDROCHLORIDE
DIGOXIN
IMATINIB MESYLATE
ONDANSETRON HYDROCHLORIDE
ENALAPRIL
BACLOFEN
FAMOTIDINE
ETHINYL ESTRADIOL
PONATINIB
HERBALS
CYCLOSPORINE
IXAZOMIB
METHYLPREDNISOLONE
PERINDOPRIL
MESALAMINE
LACOSAMIDE
HYDROCODONE BITARTRATE
TEMOZOLOMIDE
SODIUM CHLORIDE
ACALABRUTINIB
HYDROXYCHLOROQUINE SULFATE
SULFASALAZINE
NIFEDIPINE
OMBITASVIR
DEFERASIROX
MYCOPHENOLATE MOFETIL HYDROCHLORIDE
DABRAFENIB MESYLATE
PARITAPREVIR
PANCRELIPASE PROTEASE
PANCRELIPASE LIPASE
PANCRELIPASE AMYLASE
RANITIDINE HYDROCHLORIDE
AMBRISENTAN
HALOPERIDOL
TAMSULOSIN HYDROCHLORIDE
CODEINE PHOSPHATE
DAPAGLIFLOZIN
RIBOCICLIB
TENOFOVIR DISOPROXIL FUMARATE
RANOLAZINE
PROPRANOLOL HYDROCHLORIDE
VORTIOXETINE HYDROBROMIDE
AMIODARONE HYDROCHLORIDE
ZOLPIDEM
LUMACAFTOR
RANITIDINE
DEFLAZACORT
LAMIVUDINE
PAROXETINE
VALPROATE SODIUM
FLUCONAZOLE
BUPROPION HYDROCHLORIDE
CANDESARTAN CILEXETIL
REGORAFENIB
IXAZOMIB CITRATE
SILDENAFIL CITRATE
DEXAMETHASONE ACETATE
TRIFLURIDINE
TELMISARTAN
FEBUXOSTAT
AMITRIPTYLINE
OLAPARIB
TIPIRACIL HYDROCHLORIDE
TADALAFIL
ROSUVASTATIN
PRAVASTATIN
NEBIVOLOL
METOCLOPRAMIDE
AMIODARONE
LEDIPASVIR
VALPROIC ACID
URSODIOL
AZATHIOPRINE
SENNOSIDES
DOCUSATE SODIUM
CLAVULANATE POTASSIUM
LEVOCETIRIZINE DIHYDROCHLORIDE
TRAMETINIB DIMETHYL SULFOXIDE
PSEUDOEPHEDRINE HYDROCHLORIDE
METOCLOPRAMIDE HYDROCHLORIDE
FERROUS SULFATE
FENOFIBRATE
SAXAGLIPTIN HYDROCHLORIDE
VIGABATRIN
HYDROXYZINE HYDROCHLORIDE
MIFEPRISTONE
METAMIZOLE SODIUM
ASCORBIC ACID
OXAZEPAM
LACTULOSE
INVESTIGATIONAL PRODUCT
EDOXABAN TOSYLATE
BROMAZEPAM
TRAMETINIB
HYDROXYCHLOROQUINE
HYDROCODONE
DAPAGLIFLOZIN PROPANEDIOL
MYCOPHENOLATE SODIUM
MELOXICAM
LINAGLIPTIN
GLICLAZIDE
CLONIDINE
DICLOFENAC SODIUM
METRONIDAZOLE
CANDESARTAN
DOXYCYCLINE
SUVOREXANT
PAROXETINE HYDROCHLORIDE
DOXAZOSIN MESYLATE
DIMETHICONE
HYDROCORTISONE
FINASTERIDE
FISH OIL
UNSPECIFIED INGREDIENT
DULOXETINE
AXITINIB
MAGNESIUM
IDELALISIB
APREPITANT
PYRIDOXINE HYDROCHLORIDE
VERAPAMIL HYDROCHLORIDE
METAMIZOLE
LOPERAMIDE
CAFFEINE
BREXPIPRAZOLE
AFATINIB
MIRABEGRON
AZITHROMYCIN ANHYDROUS
ERGOCALCIFEROL
DICLOFENAC
DIVALPROEX SODIUM
INDAPAMIDE
MORPHINE
VEMURAFENIB
DASABUVIR
PERAMPANEL
PRAVASTATIN SODIUM
EXEMESTANE
LINEZOLID
ELTROMBOPAG
COBIMETINIB
CABOZANTINIB S-MALATE
PIOGLITAZONE HYDROCHLORIDE
CLAVULANIC ACID
CLOBAZAM
VORICONAZOLE
REBAMIPIDE
OSPEMIFENE
CYCLOPHOSPHAMIDE
ISOSORBIDE MONONITRATE
DILTIAZEM
BUPROPION
DEXTROAMPHETAMINE SULFATE
DOLUTEGRAVIR SODIUM
VELPATASVIR
NALOXONE HYDROCHLORIDE
DUTASTERIDE
DILTIAZEM HYDROCHLORIDE
ELBASVIR
ABACAVIR SULFATE
GRAZOPREVIR
OBETICHOLIC ACID
DABRAFENIB
SENNOSIDES A AND B
RALTEGRAVIR POTASSIUM
COLCHICINE
AMPHETAMINE SULFATE
REPAGLINIDE
POLYETHYLENE GLYCOLS
GLIPIZIDE
METHADONE HYDROCHLORIDE
LERCANIDIPINE
ANASTROZOLE
AMITRIPTYLINE HYDROCHLORIDE
LITHIUM CARBONATE
DESLORATADINE
ERLOTINIB
VARENICLINE TARTRATE
HYDROXYUREA
DEXTROAMPHETAMINE SACCHARATE
AMPHETAMINE ASPARTATE
RIFAXIMIN
DOMPERIDONE
CRIZOTINIB
RISEDRONATE SODIUM
ISOTRETINOIN
VILDAGLIPTIN
OXYBUTYNIN CHLORIDE
ENALAPRIL MALEATE
IRON
TEZACAFTOR
LOXOPROFEN SODIUM
PROMETHAZINE HYDROCHLORIDE
MELATONIN
MAGNESIUM CARBONATE
ALFACALCIDOL
PHENYTOIN
MINERALS
LISDEXAMFETAMINE DIMESYLATE
HYDROMORPHONE
DONEPEZIL
DARUNAVIR ETHANOLATE
THIAMINE HYDROCHLORIDE
SENNA LEAF
FLUINDIONE
DEXTROMETHORPHAN HYDROBROMIDE
BOSUTINIB MONOHYDRATE
GEFITINIB
RIFAMPIN
PHENPROCOUMON
BUDESONIDE
CYAMEMAZINE
CALCITRIOL
SITAGLIPTIN
POTASSIUM
DIPHENHYDRAMINE
ALCOHOL
HYDRALAZINE HYDROCHLORIDE
SILDENAFIL
OSELTAMIVIR PHOSPHATE
COBICISTAT
CIPROFLOXACIN HYDROCHLORIDE
TENOFOVIR ALAFENAMIDE FUMARATE
POSACONAZOLE
ETORICOXIB
ELTROMBOPAG OLAMINE
MAGNESIUM HYDROXIDE
GUAIFENESIN
ERLOTINIB HYDROCHLORIDE
BICALUTAMIDE
OXCARBAZEPINE
EPLERENONE
BENAZEPRIL HYDROCHLORIDE
NIACINAMIDE
DOXAZOSIN
PRAMIPEXOLE
BUSPIRONE HYDROCHLORIDE
NITROFURANTOIN
ENTACAPONE
CODEINE
CARBOCYSTEINE
BENSERAZIDE HYDROCHLORIDE
SIROLIMUS
PROMETHAZINE
NEBIVOLOL HYDROCHLORIDE
DEXPANTHENOL
SILODOSIN
TRIMEPRAZINE
TEMAZEPAM
LORMETAZEPAM
FEXOFENADINE
BROTIZOLAM
GLYBURIDE
BUMETANIDE
BEDAQUILINE
KETOPROFEN
CYCLOBENZAPRINE
VITAMIN D
TIZANIDINE
TAMOXIFEN
PRASUGREL HYDROCHLORIDE
COLESEVELAM HYDROCHLORIDE
PYRAZINAMIDE
MYCOPHENOLIC ACID
ESTROGENS, CONJUGATED
AMPHOTERICIN B
PANOBINOSTAT
METHYLCOBALAMIN
CYCLOBENZAPRINE HYDROCHLORIDE
CLOFAZIMINE
NYSTATIN
HYDROMORPHONE HYDROCHLORIDE
CERITINIB
DROSPIRENONE
ACENOCOUMAROL
ESTRADIOL
DICYCLOMINE HYDROCHLORIDE
VITAMIN B COMPLEX
SUCRALFATE
SAW PALMETTO
PSEUDOEPHEDRINE SULFATE
DONEPEZIL HYDROCHLORIDE
DELAMANID
SODIUM PICOSULFATE
ENASIDENIB MESYLATE
RIBOFLAVIN 5'-PHOSPHATE SODIUM
MINOCYCLINE HYDROCHLORIDE
CEPHALEXIN
TAPENTADOL HYDROCHLORIDE
ISONIAZID
ESLICARBAZEPINE ACETATE
DESVENLAFAXINE SUCCINATE
OMEGA-3 FATTY ACIDS
IMATINIB
ETIZOLAM
ESZOPICLONE
AMBROXOL HYDROCHLORIDE
UBIDECARENONE
SOTALOL
METHYLPHENIDATE
ITRACONAZOLE
CLOSTRIDIUM BUTYRICUM SPORES STRAIN M-55
ALUMINUM HYDROXIDE
VONOPRAZAN FUMURATE
NORETHINDRONE ACETATE
SODIUM FERROUS CITRATE
PITAVASTATIN CALCIUM
LAPATINIB DITOSYLATE
CILOSTAZOL
TIZANIDINE HYDROCHLORIDE
LOXAPINE
ENTECAVIR
ALECTINIB HYDROCHLORIDE
PROCHLORPERAZINE MALEATE
ALFUZOSIN
AMLODIPINE
LOVASTATIN
LITHIUM
CABOZANTINIB
RABEPRAZOLE
PRAMIPEXOLE DIHYDROCHLORIDE
NALTREXONE HYDROCHLORIDE
LOXOPROFEN
VALGANCICLOVIR
LEVOMEPROMAZINE
BENZONATATE
LUBIPROSTONE
DICHLORPHENAMIDE
CHLORTHALIDONE
ALENDRONIC ACID
ROPINIROLE HYDROCHLORIDE
MOXIFLOXACIN
SAPROPTERIN DIHYDROCHLORIDE
LACTOBACILLUS ACIDOPHILUS
AZILSARTAN KAMEDOXOMIL
TRIAMTERENE
PROCHLORPERAZINE
MEMANTINE HYDROCHLORIDE
ELVITEGRAVIR
FLECAINIDE
BIOTIN
URAPIDIL
LERCANIDIPINE HYDROCHLORIDE
IVABRADINE
DIETARY SUPPLEMENT
NALTREXONE
FERRIC OXYHYDROXIDE
DOCUSATE
ATAZANAVIR SULFATE
ACETYLCYSTEINE
TRETINOIN
ELDECALCITOL
DIGITOXIN
CLORAZEPATE DIPOTASSIUM
ZONISAMIDE
METHIMAZOLE
MECLIZINE HYDROCHLORIDE
ALOGLIPTIN BENZOATE
VANCOMYCIN
THEOPHYLLINE ANHYDROUS
LOMITAPIDE MESYLATE
IBANDRONATE SODIUM
AMANTADINE HYDROCHLORIDE
PRAZEPAM
PIOGLITAZONE
MODAFINIL
MEMANTINE
LINACLOTIDE
AMANTADINE
ORLISTAT
OPIUM
DOFETILIDE
NALOXEGOL OXALATE
METOLAZONE
TENOFOVIR
NICARDIPINE HYDROCHLORIDE
METRONIDAZOLE HYDROCHLORIDE
DIMENHYDRINATE
VALGANCICLOVIR HYDROCHLORIDE
NITROGLYCERIN
EFAVIRENZ
FLUVASTATIN SODIUM
ALBUTEROL SULFATE
FESOTERODINE FUMARATE
NICORANDIL
LEUCOVORIN CALCIUM
TIOTROPIUM BROMIDE MONOHYDRATE
TETRAFERRIC TRICITRATE DECAHYDRATE
PROBIOTICS NOS
POTASSIUM CITRATE
FLUTICASONE PROPIONATE
DOXYCYCLINE HYCLATE
CLONIDINE HYDROCHLORIDE
LANTHANUM CARBONATE
GALANTAMINE
ACARBOSE
THIAMINE
ROFLUMILAST
PYRIDOXINE
DRONABINOL
CEFUROXIME AXETIL
BENSERAZIDE
TERBINAFINE
PENICILLIN V
ALBUTEROL
AZITHROMYCIN DIHYDRATE
TRIAZOLAM
TETRABENAZINE
BETAMETHASONE
TRANEXAMIC ACID
TILIDINE HYDROCHLORIDE
PHENOBARBITAL
CLINDAMYCIN
CHLORAMBUCIL
TENOFOVIR DISOPROXIL
MOLSIDOMINE
INDOMETHACIN
DESOGESTREL
CEFUROXIME
BIPERIDEN HYDROCHLORIDE
AZOSEMIDE
MOXONIDINE
MIDOSTAURIN
MIDODRINE
DEFERIPRONE
BRIVARACETAM
TEPRENONE
OLMESARTAN
NORGESTIMATE
FLUNITRAZEPAM
ELUXADOLINE
DELORAZEPAM
ATOMOXETINE HYDROCHLORIDE
.ALPHA.-TOCOPHEROL
PROGESTERONE
PENTOXIFYLLINE
LORCASERIN HYDROCHLORIDE
DARUNAVIR
DABIGATRAN
BISACODYL
AMISULPRIDE
TOLTERODINE TARTRATE
SUMATRIPTAN SUCCINATE
RILPIVIRINE HYDROCHLORIDE
RAMELTEON
METHOCARBAMOL
SODIUM POLYSTYRENE SULFONATE
MOXIFLOXACIN HYDROCHLORIDE
DIPYRIDAMOLE
ZIDOVUDINE
NERATINIB
LOPINAVIR
SALMETEROL XINAFOATE
RASAGILINE MESYLATE
NIACIN
ETHAMBUTOL HYDROCHLORIDE
ATROPINE SULFATE
LEVOCETIRIZINE
ROPINIROLE
PYRIDOSTIGMINE BROMIDE
CABERGOLINE
OFLOXACIN
ATOVAQUONE
CAPTOPRIL
TERAZOSIN HYDROCHLORIDE
RIVASTIGMINE
GABAPENTIN ENACARBIL
ETODOLAC
CLOXAZOLAM
CARBIMAZOLE
AMPHETAMINE
VOGLIBOSE
THIOGUANINE ANHYDROUS
NORTRIPTYLINE HYDROCHLORIDE
FERROUS FUMARATE
DACLATASVIR
BACILLUS SUBTILIS
STREPTOCOCCUS FAECAIS
PLECANATIDE
FELODIPINE
DIPHENOXYLATE HYDROCHLORIDE
TAMOXIFEN CITRATE
NORTRIPTYLINE
NEFOPAM HYDROCHLORIDE
BUTALBITAL
TEGAFUR
SACCHAROMYCES CEREVISIAE
OMEGA-3-ACID ETHYL ESTERS
ETOPOSIDE
DOLUTEGRAVIR
PHLOROGLUCINOL
PENTOSAN POLYSULFATE SODIUM
THIOGUANINE
SUMATRIPTAN
RIZATRIPTAN BENZOATE
MOSAPRIDE CITRATE
GUANFACINE HYDROCHLORIDE
DOXEPIN
ISOSORBIDE DINITRATE
GEMFIBROZIL
DEXTROSE
ABEMACICLIB
POLYETHYLENE GLYCOL 4000
PANCRELIPASE
FENTANYL
CARISOPRODOL
THYROID, PORCINE
SULPIRIDE
RACECADOTRIL
PROPAFENONE
PERINDOPRIL ERBUMINE
PAZOPANIB
OLOPATADINE HYDROCHLORIDE
MONTMORILLONITE
ISAVUCONAZOLE
ZIPRASIDONE HYDROCHLORIDE
VITAMIN B
NORETHINDRONE
MISOPROSTOL
GIMERACIL
EBASTINE
DEXCHLORPHENIRAMINE MALEATE
CILNIDIPINE
TROPATEPINE HYDROCHLORIDE
OTERACIL
MITOTANE
ENASIDENIB
DRONEDARONE
CIMETIDINE
CHOLESTYRAMINE
BUPRENORPHINE HYDROCHLORIDE
PHENYTOIN SODIUM
MIANSERIN HYDROCHLORIDE
ISOSORBIDE
CYCLOSERINE
LIOTHYRONINE
HYDROXYCHLOROQUINE DIPHOSPHATE
FORMOTEROL FUMARATE DIHYDRATE
DIPYRONE
BIPERIDEN
BEZAFIBRATE
ACITRETIN
MIGLUSTAT
LABETALOL HYDROCHLORIDE
HYDROXYZINE PAMOATE
CHLORPHENIRAMINE MALEATE
BERAPROST SODIUM
AMINOSALICYLIC ACID
ACETAZOLAMIDE
TRIHEXYPHENIDYL HYDROCHLORIDE
RILMENIDINE
PROPYPHENAZONE
PERINDOPRIL ARGININE
ZOLMITRIPTAN
MEGESTROL ACETATE
FLURAZEPAM HYDROCHLORIDE
FLECAINIDE ACETATE
CLOMIPRAMINE HYDROCHLORIDE
TURMERIC
TRICHLORMETHIAZIDE
RIBOFLAVIN
GLUCOSAMINE
FLUCLOXACILLIN
FENTANYL CITRATE
CLINDAMYCIN HYDROCHLORIDE
BEDAQUILINE FUMARATE
AMINO ACIDS
AMILORIDE HYDROCHLORIDE
ADEFOVIR DIPIVOXIL
XIPAMIDE
VALPROMIDE
TRANDOLAPRIL
MINODRONIC ACID
ENOXAPARIN SODIUM
DEXTROMETHORPHAN
DAPSONE
BISACODYL OR DOCUSATE SODIUM
TENELIGLIPTIN
SOLIFENACIN
PIPAMPERONE
OXYCODONE TEREPHTHALATE
AZATHIOPRINE SODIUM
PRIMIDONE
PANTOPRAZOLE MAGNESIUM
MOMETASONE FUROATE
FLUDROCORTISONE ACETATE
DEXTROAMPHETAMINE
TOCOPHEROL
FERRIC CITRATE ANHYDROUS
DIENOGEST
BETAINE
WARFARIN POTASSIUM
MIZORIBINE
EPINASTINE HYDROCHLORIDE
DOXYLAMINE SUCCINATE
CALCIUM CITRATE
BILASTINE
ALFUZOSIN HYDROCHLORIDE
VORINOSTAT
TRIMETAZIDINE DIHYDROCHLORIDE
NITROFURANTOIN MONOHYDRATE
LEUCOVORIN
FAMCICLOVIR
CYCLIZINE
CEFDINIR
AZELNIDIPINE
ACEBUTOLOL
SEVELAMER CARBONATE
RALOXIFENE HYDROCHLORIDE
NITRAZEPAM
MEDROXYPROGESTERONE ACETATE
LIOTHYRONINE SODIUM
IVERMECTIN
GLUTAMINE
FIDAXOMICIN
DESOXIMETASONE
CHLORPROMAZINE
BUTYLSCOPOLAMINE BROMIDE
BENIDIPINE HYDROCHLORIDE
BENDROFLUMETHIAZIDE
1,3,5-TRIMETHOXYBENZENE
SODIUM SULFATE
INSULIN GLARGINE
GANCICLOVIR
CALCIUM ACETATE
ARMODAFINIL
ANHYDROUS CITRIC ACID
ANAGRELIDE HYDROCHLORIDE
PSEUDOEPHEDRINE
PRISTINAMYCIN
PIPAMPERONE HYDROCHLORIDE
NEVIRAPINE
NADOLOL
MELPERONE
LOMUSTINE
ILOPERIDONE
FLUDROCORTISONE
BETAXOLOL HYDROCHLORIDE
BENZTROPINE
AZITHROMYCIN
ZINC
SALICYLAMIDE
POTASSIUM IODIDE
OMEPRAZOLE SODIUM
MINOCYCLINE
MELPHALAN
FERROUS GLUCONATE
ZIPRASIDONE MESYLATE
POLAPREZINC
MIGLITOL
METFORMIN PAMOATE
GRANISETRON
FERROUS GLYCINE SULFATE
ETRAVIRINE
AGOMELATINE
TERAZOSIN
RIVASTIGMINE TARTRATE
PROCARBAZINE HYDROCHLORIDE
MIANSERIN
METFORMIN
LIMAPROST
FLUVOXAMINE
DICLOFENAC POTASSIUM
DESMOPRESSIN
CLOTIAZEPAM
BIFIDOBACTERIUM SPP.
VINORELBINE TARTRATE
VANDETANIB
PRANLUKAST
METAXALONE
LABETALOL
IPRATROPIUM BROMIDE
CLOMIPRAMINE
CARIPRAZINE
BETAHISTINE
TELAPREVIR
RILPIVIRINE
PROCHLORPERAZINE EDISYLATE
PLANTAGO SEED
NITRENDIPINE
LEVORPHANOL TARTRATE
DESVENLAFAXINE
CRANBERRY
CORTISONE
CLOPIDOGREL
BRIGATINIB
BEXAROTENE
TIAPRIDE HYDROCHLORIDE
SODIUM PERCHLORATE
PROTIONAMIDE
OSELTAMIVIR
NICOTINE
MILK THISTLE
ELETRIPTAN HYDROBROMIDE
DOXEPIN HYDROCHLORIDE
CEFIXIME
CALCIUM PANTOTHENATE
BETAMETHASONE VALERATE
VOXILAPREVIR
TROSPIUM CHLORIDE
QUINAPRIL HYDROCHLORIDE
PHYTONADIONE
PARICALCITOL
OMEGA-3-CARBOXYLIC ACIDS
MELPERONE HYDROCHLORIDE
MAGNESIUM SULFATE
ICOSAPENT ETHYL
ETHIONAMIDE
CEFCAPENE PIVOXIL HYDROCHLORIDE HYDRATE
BELLADONNA LEAF
MILNACIPRAN HYDROCHLORIDE
GLYCINE
FLAX SEED
DIOSMIN
BENZTROPINE MESYLATE
ABIRATERONE
TRIPROLIDINE HYDROCHLORIDE
SOTALOL HYDROCHLORIDE
NALDEMEDINE
MIDODRINE HYDROCHLORIDE
METHYLPREDNISOLONE SODIUM SUCCINATE
MEFENAMIC ACID
MAGNESIUM CITRATE
FOSINOPRIL
FLUVOXAMINE MALEATE
FLUDARABINE PHOSPHATE
CHLORPHENIRAMINE
CALCIUM POLYCARBOPHIL
CALCIFEDIOL
ACETYLLEUCINE
TOLTERODINE
SODIUM ASCORBATE
PROMAZINE HYDROCHLORIDE
NABUMETONE
MIDAZOLAM HYDROCHLORIDE
MAPROTILINE HYDROCHLORIDE
LACIDIPINE
DIHYDROCODEINE
CEFPODOXIME
ALTHIAZIDE
VILANTEROL TRIFENATATE
PIROXICAM
PALONOSETRON HYDROCHLORIDE
LEVOCARNITINE
GLIQUIDONE
DEUTETRABENAZINE
AVANAFIL
ALIZAPRIDE HYDROCHLORIDE
TRIMEBUTINE
ROLAPITANT
PROCYCLIDINE
PRAZOSIN
NEFOPAM
LAPATINIB
HYDROTALCITE
DEXAMETHASONE SODIUM PHOSPHATE
DESMOPRESSIN ACETATE
CYPROTERONE ACETATE
CHLORHEXIDINE GLUCONATE
CARBAZOCHROME SODIUM SULFONATE
BENZBROMARONE
ATROPINE
TRIMEBUTINE MALEATE
TICLOPIDINE
RUFINAMIDE
RITUXIMAB
QUININE SULFATE
QUINAPRIL
OXYBUTYNIN
OPIPRAMOL
MEGESTROL
LOXOPROFEN SODIUM DIHYDRATE
GRANISETRON HYDROCHLORIDE
FLUTICASONE FUROATE
DISULFIRAM
DIPHENOXYLATE
CHLORHEXIDINE
ASENAPINE MALEATE
ABACAVIR
VANCOMYCIN HYDROCHLORIDE
TERIZIDONE
TAFAMIDIS MEGLUMINE
SCOPOLAMINE
PROPAFENONE HYDROCHLORIDE
PRAZOSIN HYDROCHLORIDE
PENICILLIN V POTASSIUM
NIMESULIDE
METHYLDOPA
MEFLOQUINE
LACTOBACILLUS RHAMNOSUS
KETOPROFEN LYSINE
GINKGO
ELECTROLYTES NOS
BUPRENORPHINE
ACEBUTOLOL HYDROCHLORIDE
VITAMIN A
SPIRAMYCIN
SOYBEAN OIL
RALOXIFENE
PHENTERMINE HYDROCHLORIDE
METAMIZOLE MAGNESIUM
MAGNESIUM CHLORIDE
LOXAPINE SUCCINATE
GLYCOPYRROLATE
FLURAZEPAM
FLUPENTIXOL
ETHYL LOFLAZEPATE
ESOMEPRAZOLE SODIUM
EPERISONE HYDROCHLORIDE
CALCIUM POLYSTYRENE SULFONATE
APALUTAMIDE
ALISKIREN
ZOLEDRONIC ACID
VINORELBINE
TOCOPHERYL NICOTINATE, D-.ALPHA.
PIRENZEPINE HYDROCHLORIDE
PHENYLEPHRINE HYDROCHLORIDE
PHENTERMINE
NETUPITANT
MORPHINE HYDROCHLORIDE
MOCLOBEMIDE
LAFUTIDINE
GUANFACINE
GARLIC
FORMOTEROL FUMARATE
FORMOTEROL
ERTUGLIFLOZIN PIDOLATE
DEXMETHYLPHENIDATE HYDROCHLORIDE
CELIPROLOL
CEFTRIAXONE SODIUM
.BETA.-ACETYLDIGOXIN
ZIPRASIDONE
TICLOPIDINE HYDROCHLORIDE
SIMEPREVIR
SAXAGLIPTIN
RIFABUTIN
POTASSIUM GLUCONATE
POTASSIUM BICARBONATE
PLANTAGO OVATA SEED
NAFTOPIDIL
MILNACIPRAN
MANIDIPINE
LEVOMEFOLATE CALCIUM
KETOROLAC TROMETHAMINE
IVABRADINE HYDROCHLORIDE
INSULIN NOS
INSULIN ASPART
IMIDAPRIL
IGURATIMOD
HYOSCYAMINE SULFATE
COLESTIPOL HYDROCHLORIDE
CHONDROITIN SULFATE (BOVINE)
CHLORPROTHIXENE
BETHANECHOL CHLORIDE
TIPEPIDINE HIBENZATE
TIOTROPIUM BROMIDE
SODIUM ALGINATE
RALTEGRAVIR
PREDNISOLONE SODIUM PHOSPHATE
POTASSIUM ASPARTATE
ERYTHROMYCIN
EPACADOSTAT
ELIGLUSTAT
CLOTHIAPINE
CHLORPROMAZINE HYDROCHLORIDE
CANRENOATE POTASSIUM
CANNABIS SATIVA SUBSP. INDICA TOP
CALCIUM LACTATE
BICYCLOL
BENPERIDOL
BARICITINIB
ULIPRISTAL ACETATE
TILIDINE
THIOCOLCHICOSIDE
THEOPHYLLINE
TETRACYCLINE HYDROCHLORIDE
SELENIUM
QUINIDINE SULFATE
PYRIMETHAMINE
PYRIDOXAL
PROCARBAZINE
PREDNISOLONE SODIUM METAZOATE
PERPHENAZINE
PENICILLAMINE
PEGASPARGASE
PARAFFIN
MINOXIDIL
METILDIGOXIN
INDACATEROL
IMIPRAMINE HYDROCHLORIDE
FLUPIRTINE
ESTROGENS
DIHYDROCODEINE PHOSPHATE
DEXKETOPROFEN
CINNAMON
CARBOHYDRATES
BISMUTH SUBSALICYLATE
BIFIDOBACTERIUM LONGUM SUBSP. INFANTIS
BETAHISTINE HYDROCHLORIDE
AZILSARTAN
VORTIOXETINE
VELIPARIB
VARDENAFIL HYDROCHLORIDE TRIHYDRATE
TRIMIPRAMINE
STAVUDINE
SODIUM PHOSPHATE, DIBASIC, ANHYDROUS
SEVELAMER
SAFINAMIDE MESYLATE
ROSIGLITAZONE MALEATE
RASAGILINE
PIMOBENDAN
PHENAZOPYRIDINE
PANTETHINE
KETOCONAZOLE
HOMEOPATHICS
GLUCOSAMINE HYDROCHLORIDE
ETANERCEPT
DEXKETOPROFEN TROMETAMOL
CYPROHEPTADINE
CROMOLYN SODIUM
BUCILLAMINE
BOSUTINIB
TERBINAFINE HYDROCHLORIDE
SULINDAC
SODIUM PHOSPHATE, MONOBASIC, MONOHYDRATE
RUCAPARIB
RETINOL
PROPOXYPHENE HYDROCHLORIDE
OXYMORPHONE HYDROCHLORIDE
NITISINONE
MITIGLINIDE
MESNA
MENATETRENONE
MAGALDRATE
ISAVUCONAZONIUM SULFATE
INSULIN HUMAN
IMIPRAMINE
HESPERIDIN
FLUPENTIXOL DIHYDROCHLORIDE
FENOTEROL HYDROBROMIDE
DENOSUMAB
CYPROHEPTADINE HYDROCHLORIDE
CHLORDIAZEPOXIDE HYDROCHLORIDE
CALCIUM PHOSPHATE, DIBASIC, ANHYDROUS
BLONANSERIN
BISMUTH SUBCITRATE POTASSIUM
BERBERINE
.ALPHA.-LIPOIC ACID
ZINC GLUCONATE
VERICIGUAT HYDROCHLORIDE
TOFACITINIB
TIANEPTINE
TASIMELTEON
SEVELAMER HYDROCHLORIDE
ROXITHROMYCIN
RILMENIDINE PHOSPHATE
PROTHIPENDYL
PROTEIN
PROPOXYPHENE
PRASUGREL
PHENYLEPHRINE
PENICILLIN G
NORDAZEPAM
MARAVIROC
MAGNESIUM ASPARTATE HYDROCHLORIDE
JOSAMYCIN
IRSOGLADINE MALEATE
FUROSEMIDE SODIUM
FOSFOMYCIN SODIUM
ESTRADIOL VALERATE
DIPHENHYDRAMINE CITRATE
DANTROLENE SODIUM
DANAZOL
CLOTRIMAZOLE
CALCIUM ASPARTATE
BORTEZOMIB
AMINOPHYLLINE
VINCRISTINE
TRIHEXYPHENIDYL
TIBOLONE
SODIUM CITRATE
SECUKINUMAB
SALICYLIC ACID
PYRIDOSTIGMINE
PROTHIPENDYL HYDROCHLORIDE
OXOMEMAZINE
LIDOCAINE
INSULIN GLULISINE
IDARUBICIN
ICOSAPENT
IBANDRONIC ACID
GLYCOPYRRONIUM
FLURBIPROFEN
FENOFIBRIC ACID
FATTY ACIDS
ESTRAMUSTINE PHOSPHATE SODIUM
ESTAZOLAM
ERYTHROMYCIN ETHYLSUCCINATE
CEFDITOREN PIVOXIL
CARBASPIRIN
CANRENOIC ACID
AMEZINIUM METILSULFATE
AMBROXOL
ZOTEPINE
TRIMETAZIDINE
TOLPERISONE HYDROCHLORIDE
TEDIZOLID PHOSPHATE
TAPENTADOL
SULTHIAME
SODIUM PHOSPHATE, DIBASIC
SODIUM FLUORIDE
RIZATRIPTAN
RILMAZAFONE HYDROCHLORIDE
PSYLLIUM HUSK
PROMAZINE
PETROLATUM
NALOXONE
MITRAGYNINE
METHYLEPHEDRINE HYDROCHLORIDE, DL-
MENTHOL
LYSINE
LETERMOVIR
KETOROLAC
IRON POLYMALTOSE
INSULIN LISPRO
FOSFOMYCIN TROMETHAMINE
FLUTICASONE
DIMEMORFAN
DIDANOSINE
DACLATASVIR DIHYDROCHLORIDE
COCAINE
CLODRONIC ACID
CLEMASTINE FUMARATE
CHLORPHENIRAMINE MALEAT
CEVIMELINE HYDROCHLORIDE
CEFCAPENE PIVOXIL HYDROCHLORIDE
BUPARLISIB HYDROCHLORIDE
BIFIDOBACTERIUM ANIMALIS LACTIS
BETAHISTINE MESILATE
BECLOMETHASONE DIPROPIONATE
ASENAPINE
ANETHOLTRITHION
ALECTINIB
ALBENDAZOLE
ACECLOFENAC
ABATACEPT
ZUCLOPENTHIXOL
TRIMEPRAZINE TARTRATE
SULTAMICILLIN TOSYLATE
SULODEXIDE
SONIDEGIB
RAMOSETRON HYDROCHLORIDE
POTASSIUM SULFATE
POTASSIUM CARBONATE
PHOSPHORIC ACID
PHOLCODINE
NAFRONYL
MOSAPRIDE
METOPIMAZINE
MAGNESIUM TRISILICATE
LOPRAZOLAM
LIDOCAINE HYDROCHLORIDE
IMIDAFENACIN
GARENOXACIN MESYLATE
FERRIC HYDROXIDE
ETRETINATE
DIHYDROXYALUMINUM AMINOACETATE ANHYDROUS
CLINDAMYCIN PHOSPHATE
CALCIUM GLUCONATE
BARIUM SULFATE
AMPICILLIN
VALERIAN
UMECLIDINIUM BROMIDE
TRIMETHOPRIM SULFATE
THIAMINE MONONITRATE
TENOFOVIR ALAFENAMIDE
SUNITINIB
SULFADIAZINE
SODIUM SULFATE ANHYDROUS
SELINEXOR
ROFECOXIB
QUININE
PREDNISOLONE SODIUM SUCCINATE
NIMODIPINE
NICERGOLINE
NALFURAFINE HYDROCHLORIDE
MITIGLINIDE CALCIUM HYDRATE
METYRAPONE
METHIONINE
METHENOLONE ENANTHATE
MANIDIPINE HYDROCHLORIDE
MAGNESIUM GLYCEROPHOSPHATE
LURASIDONE
LIRAGLUTIDE
LATANOPROST
IMIDAPRIL HYDROCHLORIDE
HYOSCYAMINE
GLUCOSAMINE SULFATE
FUDOSTEINE
FLUTAMIDE
FLURAZEPAM MONOHYDROCHLORIDE
FLUPHENAZINE
FLUPENTIXOL DECANOATE
ESCARGOT
ERYTHROMYCIN LACTOBIONATE
DOMPERIDONE MALEATE
DOCETAXEL
DARIFENACIN HYDROBROMIDE
CYSTEAMINE BITARTRATE
COD LIVER OIL
CITRIC ACID MONOHYDRATE
CITALOPRAM HYDROCHLORIDE
CINNARIZINE
CHLORZOXAZONE
CEFPODOXIME PROXETIL
BEPRIDIL
BEPOTASTINE BESILATE
BEPOTASTINE
BENZYDAMINE HYDROCHLORIDE
BAZEDOXIFENE ACETATE
AZITHROMYCIN OR METHOTREXATE SODIUM
ALVERINE CITRATE
ALOGLIPTIN
ADENOSINE TRIPHOSPHATE
ACYCLOVIR SODIUM
ACAMPROSATE CALCIUM
ZAFIRLUKAST
TRIMIPRAMINE MALEATE
TREPROSTINIL DIOLAMINE
TOPIROXOSTAT
TOBRAMYCIN
TETRAZEPAM
TELBIVUDINE
SODIUM GUALENATE
SELEGILINE HYDROCHLORIDE
RILUZOLE
PILSICAINIDE HYDROCHLORIDE
PILOCARPINE HYDROCHLORIDE
PENICILLIN V BENZATHINE
OXYMORPHONE
NOMEGESTROL ACETATE
NIVOLUMAB
MINERAL OIL
MEXILETINE HYDROCHLORIDE
MEBEVERINE
LUTEIN
IPRATROPIUM
IPRAGLIFLOZIN L-PROLINE
IODINE
HYDROXOCOBALAMIN
HOMATROPINE METHYLBROMIDE
GLYCERIN
GERANIUM
FUSIDIC ACID
FERROUS SULFATE ANHYDROUS
FERROUS CITRATE
DASABUVIR SODIUM MONOHYDRATE
CLOPERASTINE
CINACALCET
CHLOROQUINE
CHLORMADINONE ACETATE
CHLORAL HYDRATE
CARVEDILOL PHOSPHATE
BUSULFAN
BINIMETINIB
BENZODIAZEPINE
BECLOMETHASONE
AMOBARBITAL
AMMONIUM GLYCYRRHIZATE
AMILORIDE
ALISKIREN HEMIFUMARATE
ADENOSINE
ZINC SULFATE ANHYDROUS
ZINC SULFATE
VILAZODONE HYDROCHLORIDE
THIOCTIC ACID
SODIUM BENZOATE
SARPOGRELATE HYDROCHLORIDE
SARPOGRELATE
RUPATADINE
RISEDRONIC ACID
PROGUANIL HYDROCHLORIDE
PROBENECID
PRASTERONE
PLANTAGO OVATA LEAF
PAROXETINE MESYLATE
NITROXOLINE
NARATRIPTAN HYDROCHLORIDE
MOSAPRIDE CITRATE DIHYDRATE
MELITRACEN HYDROCHLORIDE
MEBENDAZOLE
LYSOZYME
ISTRADEFYLLINE
GUACETISAL
GESTODENE
GENTAMICIN
FLUPHENAZINE HYDROCHLORIDE
FILGRASTIM
FILGOTINIB
ETIFOXINE
ERYTHROPOIETIN
DIPHENIDOL HYDROCHLORIDE
DABIGATRAN ETEXILATE
CYSTEAMINE
CORTISONE ACETATE
COLLAGEN
CLOPIDOGREL HYDROCHLORIDE
CEFACLOR
CANNABIDIOL
BROMHEXINE HYDROCHLORIDE
BROMHEXINE
ARSENIC TRIOXIDE
AMPICILLIN SODIUM
ALGINIC ACID
ZUCLOPENTHIXOL HYDROCHLORIDE
ZINC ACETATE ANHYDROUS
TROSPIUM
TRISODIUM CITRATE DIHYDRATE
TRIFLUOPERAZINE HYDROCHLORIDE
TOPOTECAN HYDROCHLORIDE
TOFISOPAM
TIOPRONIN
TIAPRIDE
TIANEPTINE SODIUM
TAURINE
SULBACTAM SODIUM
SODIUM PANTOTHENATE
SISYMBRIUM OFFICINALE WHOLE
SAVOLITINIB
PROPIVERINE
PROCATEROL HYDROCHLORIDE
PREDNISOLONE ACETATE
PIRETANIDE
PIPERACILLIN SODIUM
PENTOXYVERINE
PENTAMIDINE ISETHIONATE
PARSACLISIB HYDROCHLORIDE
PARITAPREVIR DIHYDRATE
OMBITASVIR HEMINONAHYDRATE
NIZATIDINE
NATEGLINIDE
MILTEFOSINE
MICONAZOLE
METHENAMINE
MEPERIDINE
MAGNESIUM ASPARTATE
LYMECYCLINE
LUMEFANTRINE
KETAMINE
ISRADIPINE
INDINAVIR SULFATE
IBUPROFEN SODIUM
HOPS
GALANTAMINE HYDROBROMIDE
FOSINOPRIL SODIUM
ESTRADIOL CYPIONATE
ERTUGLIFLOZIN
ERGOTAMINE TARTRATE
ERDOSTEINE
EPALRESTAT
ENOXAPARIN
DILAZEP
COLESTIPOL
CLOMETHIAZOLE
CLODRONATE DISODIUM
CLOBUTINOL HYDROCHLORIDE
CLIDINIUM BROMIDE
CHLORDIAZEPOXIDE
CEFADROXIL
CASANTHRANOL
CARGLUMIC ACID
CARBOPLATIN
BRIVUDINE
BORNAPRINE HYDROCHLORIDE
BIFIDOBACTERIUM LONGUM
ATOMOXETINE
ARTESUNATE
ARTEMETHER
AMANTADINE SULFATE
ACTIVATED CHARCOAL
ZUCLOPENTHIXOL ACETATE
ZALEPLON
URACIL
TINZAPARIN SODIUM
TINIDAZOLE
TIAPROFENIC ACID
THIOTHIXENE
TETRAHYDROZOLINE HYDROCHLORIDE
TERBUTALINE SULFATE
TANNIC ACID
SHARK, UNSPECIFIED
SHARK CARTILAGE
SAQUINAVIR
RICOLINOSTAT
RHUBARB
PREDNISONE ACETATE
POLYSACCHARIDES
PIRENZEPINE
PIRACETAM
PIPOTIAZINE
PHOSPHOLIPID
PHENAZOPYRIDINE HYDROCHLORIDE
PALIPERIDONE PALMITATE
PACLITAXEL
NEUROTROPIN
METHYLNALTREXONE BROMIDE
LOBUCAVIR
LITHIUM SULFATE
LIPASE
LEVOMEFOLIC ACID
LACTOPEROXIDASE BOVINE
LACTOFERRIN
KETOTIFEN FUMARATE
KALLIDINOGENASE
INOSINE PRANOBEX
INFLIXIMAB
IBUDILAST
GILTERITINIB
FOSAMPRENAVIR CALCIUM
FLUOROURACIL
FINGOLIMOD
FERROUS SUCCINATE
FERRIC PYROPHOSPHATE
EUCALYPTOL
ETOMIDATE
ETHOSUXIMIDE
EPROSARTAN
DYDROGESTERONE
DOXYLAMINE
DOXOFYLLINE
DIAZOXIDE
CYTARABINE
CYPROTERONE
CLEMASTINE
CIPROFIBRATE
CHONDROITIN SULFATE A
CHLORPROTHIXENE HYDROCHLORIDE
CHLOROQUINE PHOSPHATE
CETYLPYRIDINIUM CHLORIDE OR SODIUM FLUORIDE OR SODIUM MONOFLUOROPHOSPHATE OR GLUCOSE OXIDASE
CEFPROZIL
CABOTEGRAVIR
BROMOCRIPTINE MESYLATE
BOCEPREVIR
BICTEGRAVIR SODIUM
BEVACIZUMAB
BENZYDAMINE
BARNIDIPINE HYDROCHLORIDE
AZELASTINE HYDROCHLORIDE
AMMONIUM CHLORIDE
AMITRIPTYLINE PAMOATE
ALBUMIN BOVINE
ADEMETIONINE
ADALIMUMAB
ZOFENOPRIL
ZINC ACETATE
VINPOCETINE
VARDENAFIL
UBIQUINOL
TRIMETHOBENZAMIDE HYDROCHLORIDE
TRIAMCINOLONE ACETONIDE
TRIAMCINOLONE
TOLPERISONE
TOLCAPONE
TIPRANAVIR
TIMOLOL
TESTOSTERONE
TEMOCAPRIL HYDROCHLORIDE
TAZOBACTAM SODIUM
SULFAMERAZINE
SODIUM PHOSPHATE, MONOBASIC, ANHYDROUS
SODIUM HYPOCHLORITE
SODIUM
SIPONIMOD
RIFAMYCIN
QUAZEPAM
PYRIDOXAL PHOSPHATE ANHYDROUS
PYRIDOXAL PHOSPHATE
PYGEUM
PROTEASE
POTASSIUM HYDROXIDE
PINDOLOL
PINAVERIUM BROMIDE
PIMOZIDE
PHENYLEPHRINE BITARTRATE
PHENOLPHTHALEIN
PHENOL
PHENOBARBITAL SODIUM
PHENIRAMINE MALEATE
PEROSPIRONE HYDROCHLORIDE
PEPPERMINT OIL
PENTAERYTHRITOL TETRANITRATE
OXETORONE
ORPHENADRINE CITRATE
OLOPATADINE
OCTREOTIDE ACETATE
NIFLUMIC ACID
NICARDIPINE
NEFAZODONE HYDROCHLORIDE
NABIXIMOLS
MICONAZOLE NITRATE
METHENAMINE HIPPURATE
MEQUITAZINE
MEPROBAMATE
MEPERIDINE HYDROCHLORIDE
MEGLUMINE IOXITHALAMATE
LEVOSULPIRIDE
LEVOMEPROMAZINE MALEATE
LEVOMEPROMAZINE HYDROCHLORIDE
LEVOCARNITINE HYDROCHLORIDE
LESINURAD
LACTASE
KARAYA GUM
ITOPRIDE
ISAVUCONAZONIUM
IMIPENEM
HUMAN ROTAVIRUS A TYPE G6P1A(8) STRAIN WI79 LIVE ANTIGEN
HUMAN ROTAVIRUS A TYPE G4P7(5) STRAIN BRB LIVE ANTIGEN
HUMAN ROTAVIRUS A TYPE G3P7(5) STRAIN WI78 LIVE ANTIGEN
HUMAN ROTAVIRUS A TYPE G2P7(5) STRAIN SC2 LIVE ANTIGEN
HUMAN ROTAVIRUS A TYPE G1P7(5) STRAIN WI79 LIVE ANTIGEN
HEPARIN SODIUM
GREEN TEA LEAF
GEMCITABINE HYDROCHLORIDE
GEMCITABINE
FOLATE SODIUM
FLUORIDE ION
FLAVIN ADENINE DINUCLEOTIDE
FERRIC POLYSACCHARIDE COMPLEX
ETHAMSYLATE
DOXYCYCLINE HYDROCHLORIDE
DORNASE ALFA
DIHYDROCODEINE BITARTRATE
DICLOXACILLIN SODIUM
DIASTASE
DIAMMONIUM GLYCYRRHIZINATE
DARBEPOETIN ALFA
CLOXACILLIN SODIUM
CLOPIDOGREL BESILATE
CLOMIPHENE
CILAZAPRIL ANHYDROUS
CHLORAMPHENICOL
CELLULASE
CEFTRIAXONE
CAMPHOR (SYNTHETIC)
CALCIUM BROMIDE
BIXALOMER
BETAXOLOL
BERAPROST
ASUNAPREVIR
AROTINOLOL HYDROCHLORIDE
ANAGLIPTIN
AMOXICILLIN SODIUM
AMOXAPINE
AMINOSALICYLATE SODIUM
.ALPHA.-TOCOPHEROL ACETATE, DL-
ACLIDINIUM BROMIDE
TROXIPIDE
TRIMETHOBENZAMIDE
TRANYLCYPROMINE SULFATE
TOSUFLOXACIN TOSYLATE
TOFOGLIFLOZIN
TOCILIZUMAB
TIMOLOL MALEATE
TIEMONIUM METHYLSULFATE
TIARAMIDE
THYMOL
STRONTIUM RANELATE
STARCH, WHEAT
SODIUM PHOSPHATE
SODIUM BROMIDE
SAQUINAVIR MESYLATE
ROXADUSTAT
PROPYLTHIOURACIL
PROBUCOL
PRIMAQUINE PHOSPHATE
PRACINOSTAT
POVIDONE-IODINE
POTASSIUM PHOSPHATE, MONOBASIC
PITAVASTATIN
PIRIBEDIL
PHENOTHIAZINE
PHENELZINE SULFATE
PHENELZINE
PERICIAZINE
PEMBROLIZUMAB
PALIFERMIN
OXETHAZAINE
ORYCTOLAGUS CUNICULUS SKIN
NITAZOXANIDE
NISOLDIPINE
NELFINAVIR MESYLATE
NELFINAVIR
NAVITOCLAX
NALOXEGOL
NABILONE
MOCETINOSTAT
MEROPENEM
MEDROXYPROGESTERONE
LORLATINIB
LOPERAMIDE OXIDE
LICORICE ROOT EXTRACT
LEVOMILNACIPRAN HYDROCHLORIDE
LEVODROPROPIZINE
LEVOCETIRIZINE HYDROCHLORIDE
LEVAMLODIPINE BESYLATE
LEVAMLODIPINE
LEUCOGEN
LACTITOL
INSULIN DETEMIR
INSULIN DEGLUDEC
HERBS
FURSULTIAMINE HYDROCHLORIDE
FURSULTIAMINE
FOSFOMYCIN CALCIUM
FLUPIRTINE MALEATE
FESOTERODINE
FERRIC SODIUM CITRATE
ETHYLENE GLYCOL
ETHAMBUTOL
ETHACRYNIC ACID
ESTROGENS, ESTERIFIED
EPROSARTAN MESYLATE
ENTINOSTAT
ECABET SODIUM
DOTHIEPIN HYDROCHLORIDE
DISTIGMINE BROMIDE
DISOPYRAMIDE
DICLOFENAC DIETHYLAMINE
DIACEREIN
DELAFLOXACIN MEGLUMINE
CORTICOSTEROID NOS
CLOXACILLIN
CLOMIPHENE CITRATE
CIFORADENANT
CIFENLINE
CHONDRUS CRISPUS
CHONDROITIN SULFATE (CHICKEN)
CHLOROTHIAZIDE
CEFUROXIME SODIUM
CANRENONE
CAMOSTAT MESYLATE
CALCIUM SULFATE
CALCIUM PHOSPHATE
CALCIUM DOBESILATE
CALCIUM CHLORIDE
BROMPHENIRAMINE MALEATE
BROMOPRIDE
BRINCIDOFOVIR
BRIMONIDINE TARTRATE
BETAMETHASONE DIPROPIONATE
BENZOCAINE
BENFOTIAMINE
AZITHROMYCIN MONOHYDRATE
AZACITIDINE
APRINDINE HYDROCHLORIDE
APATINIB
AMINOCAPROIC ACID
ALTEPLASE
ALOE VERA LEAF
ALIZAPRIDE
ACEMETACIN
ZILEUTON
YEAST
VINCRISTINE SULFATE
VILAZODONE
TYROSINE
TRYPTOPHAN
TRASTUZUMAB
TRAPIDIL
TOREMIFENE CITRATE
TERIPARATIDE
TENOXICAM
TAZOBACTAM
TAZEMETOSTAT
TALAZOPARIB
STIRIPENTOL
SORBITOL
SODIUM SALICYLATE
SODIUM HYDROXIDE
SODIUM CHONDROITIN SULFATE
SELEGILINE
RUSCUS ACULEATUS ROOT
ROOTS
RIFAPENTINE
RED YEAST
REBOXETINE
PYRILAMINE MALEATE
PRUCALOPRIDE SUCCINATE
POTASSIUM CATION
PIROXICAM BETADEX
PIPERAQUINE PHOSPHATE
PERTUZUMAB
PENICILLIN
PANTOTHENIC ACID
PANTHENOL
ORPHENADRINE
OFATUMUMAB
OBINUTUZUMAB
NOSCAPINE
NOREPINEPHRINE
NILVADIPINE
NILUTAMIDE
NIFUROXAZIDE
NEOMYCIN
NALMEFENE HYDROCHLORIDE DIHYDRATE
MEXILETINE
METHYL SALICYLATE
METHYLENE BLUE
METHYLCELLULOSES
METHYLCELLULOSE (4000 MPA.S)
METHOXYPHENAMINE HYDROCHLORIDE
METHAMPHETAMINE HYDROCHLORIDE
METHAMPHETAMINE
METAMIZOL SODIUM
MEPHENOXALONE
MEFLOQUINE HYDROCHLORIDE
MEBEVERINE HYDROCHLORIDE
MANGANESE CHLORIDE
MALTOSE
MALIC ACID
MAGNESIUM ASPARTATE ANHYDROUS
LUSEOGLIFLOZIN
LOTEPREDNOL ETABONATE
LOPRAZOLAM MESILATE
LITHIUM ASPARTATE
LEUPROLIDE ACETATE
ISOMETHEPTENE
IOHEXOL
INDACATEROL MALEATE
IFENPRODIL
HYDROCORTISONE SODIUM SUCCINATE
HESPERIDIN METHYLCHALCONE
HALOPERIDOL DECANOATE
GLYCEROL PHENYLBUTYRATE
GLATIRAMER ACETATE
GINGER
GALUNISERTIB
FULVESTRANT
FOSFOMYCIN
FOSAMPRENAVIR
FLUNARIZINE
FLOPROPIONE
FENSPIRIDE HYDROCHLORIDE
EVENING PRIMROSE OIL
ETIDRONATE DISODIUM
ETHYLMORPHINE
EPRAZINONE
EPIRUBICIN
EPHEDRINE SULFATE
ENTEROCOCCUS FAECIUM
ENCORAFENIB
DULAGLUTIDE
DROTAVERINE HYDROCHLORIDE
DOPAMINE HYDROCHLORIDE
DISOPYRAMIDE PHOSPHATE
DIMETHYL SULFONE
DIMETHINDENE
DIMEMORFAN PHOSPHATE
DIHYDRALAZINE SULFATE
DICLOXACILLIN
DIATRIZOATE SODIUM
DIATRIZOATE MEGLUMINE
DEXCHLORPHENIRAMINE
DEVICE
DESIPRAMINE
CROMOLYN
CRANBERRY CONCENTRATE
CLOBUTINOL
CLINDAMYCIN PALMITATE HYDROCHLORIDE
CLENBUTEROL HYDROCHLORIDE
CHOLIC ACID
CHLOROFORM
CHLORELLA VULGARIS
CETYLPYRIDINIUM CHLORIDE
CEPHRADINE
CARBAZOCHROME
CAPTODIAME HYDROCHLORIDE
CALCIUM GLYCEROPHOSPHATE
BUTHIAZIDE
BROMELAINS
BIMATOPROST
BETAMETHASONE SODIUM PHOSPHATE
BAZEDOXIFENE
BAMIFYLLINE HYDROCHLORIDE
BALSALAZIDE
AZTREONAM
ATROPA BELLADONNA
ATENOLOL HYDROCHLORIDE
ASPERGILLUS NIGER .ALPHA.-GALACTOSIDASE
ARTENIMOL
ANISOTROPINE METHYLBROMIDE
AMLODIPINE OROTATE
AMLODIPINE MESYLATE
AMLODIPINE MALEATE
AMBENONIUM CHLORIDE
ALMOTRIPTAN MALATE
ACONITE TINCTURE
ACETYLDIGITOXIN
ACAMPROSATE
ZINC OXIDE
XANTOFYL PALMITATE
XANTHAN GUM
VORAPAXAR SULFATE
VONOPRAZAN
VITIS VINIFERA SEED
VARENICLINE
VALINE
URIDINE TRIACETATE
TROPISETRON HYDROCHLORIDE
TRIPTORELIN
TRIFLUSAL
TRICLOSAN
TRELAGLIPTIN SUCCINATE
TOLBUTAMIDE
TIOTROPIUM
TINZAPARIN
THIORIDAZINE
TETRACYCLINE
TESTOSTERONE UNDECANOATE
TENELIGLIPTIN HYDROBROMIDE ANHYDROUS
TEMSIROLIMUS
TEICOPLANIN
TANDOSPIRONE CITRATE
ST. JOHN'S WORT
SOMATROPIN
SOFALCONE
SODIUM TAUROCHOLATE
SODIUM PHOSPHATE, MONOBASIC
SODIUM MONOFLUOROPHOSPHATE
SODIUM LACTATE
SODIUM IODIDE I-131
SODIUM GUALENATE MONOHYDRATE
SILVER NITRATE
SILVER
SILIBININ
SERENOA REPENS WHOLE
SELUMETINIB
SELONSERTIB
RUTIN
RUPATADINE FUMARATE
ROYAL JELLY
ROXATIDINE ACETATE HYDROCHLORIDE
ROTIGOTINE
ROSIGLITAZONE
RITODRINE HYDROCHLORIDE
RIMONABANT
RESVERATROL
RACEMETHIONINE
QUININE BISULFATE
QUINAGOLIDE HYDROCHLORIDE
PRULIFLOXACIN
PROXYPHYLLINE
PROTRIPTYLINE HYDROCHLORIDE
PROPIVERINE HYDROCHLORIDE
POTASSIUM BITARTRATE
POPULUS TREMULOIDES
PILOCARPINE
PHOSPHORUS
PHENYL SALICYLATE
PENBUTOLOL SULFATE
PEGFILGRASTIM
OXYGEN
OXITRIPTAN
OXIRACETAM
OXAPROZIN
OPIPRAMOL HYDROCHLORIDE
OMARIGLIPTIN
OMALIZUMAB
NORGESTREL
NORFLOXACIN
MORNIFLUMATE
MOMETASONE
MIVEBRESIB
MIDOMAFETAMINE
METYROSINE
METOPROLOL FUMARATE
METHYLPREDNISOLONE ACETATE
METADOXINE
MEPIFYLLINE
MENAQUINONE 6
MELEVODOPA
MEGLUMINE
MEDAZEPAM
MECLOFENAMATE SODIUM
MAPROTILINE
MANNITOL
MANGANESE
MAGNESIUM GLUCONATE
LYSOZYME HYDROCHLORIDE
LORNOXICAM
LOMERIZINE HYDROCHLORIDE
LOFEPRAMINE HYDROCHLORIDE
LICORICE
LEUCINE
LECITHIN
LACTOBACILLUS DELBRUECKII SUBSP. BULGARICUS
LACTIC ACID
KETOTIFEN
KELP
ITACITINIB
ISOLEUCINE
INTERFERON BETA-1A
INFLUENZA B VIRUS B/BRISBANE/60/2008 ANTIGEN (FORMALDEHYDE INACTIVATED)
INFLUENZA A VIRUS A/CALIFORNIA/7/2009 X-179A (H1N1) ANTIGEN (FORMALDEHYDE INACTIVATED)
HUMAN ROTAVIRUS A TYPE G1P(8) STRAIN RIX4414 LIVE ANTIGEN
HIGH DENSITY POLYETHYLENE
HEPTAMINOL HYDROCHLORIDE
HARPAGOPHYTUM PROCUMBENS ROOT
HALOPERIDOL LACTATE
GUANIDINE
GUAIACOL
GRAPE SEED EXTRACT
GOSERELIN ACETATE
GEMIFLOXACIN MESYLATE
GASTRIC MUCIN
GARLIC OIL
GARCINIA CAMBOGIA FRUIT
FOSTAMATINIB DISODIUM
FLUOCINONIDE
FLUDIAZEPAM
FLAVOXATE HYDROCHLORIDE
FENOTEROL
FENFLURAMINE HYDROCHLORIDE
ETILEFRINE HYDROCHLORIDE
ETHYLMORPHINE HYDROCHLORIDE
ENFUVIRTIDE
ELOTUZUMAB
DOXYCYCLINE CALCIUM
DOMIPHEN BROMIDE
DOCUSATE CALCIUM
DOCONEXENT
DIHYDROERGOTAMINE MESYLATE
DEXAMETHASONE VALERATE
DEQUALINIUM CHLORIDE
DEFIBROTIDE SODIUM
DALTEPARIN SODIUM
CURCUMIN
CRATAEGUS LAEVIGATA LEAF
CRANBERRY JUICE
CONVALLARIA MAJALIS
COCONUT OIL
COBALAMIN
CLORAZEPIC ACID
CLOPENTHIXOL HYDROCHLORIDE
CLOPAMIDE
CLOBETASOL
CLARITHROMYCIN LACTOBIONATE
CISAPRIDE
CIFENLINE SUCCINATE
CICLETANINE HYDROCHLORIDE
CICLESONIDE
CHROMIUM PICOLINATE
CHROMIUM
CHROMIC CHLORIDE
CHOLINE
CHOLERA VACCINE
CHIMAPHILA UMBELLATA
CEVIMELINE
CETRAXATE HYDROCHLORIDE
CERTOLIZUMAB PEGOL
CEPHARANTHINE
CELIPROLOL HYDROCHLORIDE
CEFTERAM PIVOXIL
CEFTAZIDIME
CEDIRANIB
CATHINE
CARTEOLOL HYDROCHLORIDE
CARNITINE
CARFILZOMIB
CAPREOMYCIN
CALCIUM BICARBONATE
CALCIUM ASCORBATE
BUTYLSCOPOLAMINE
BUTAMIRATE CITRATE
BROMOCRIPTINE
BISMUTH SUBCITRATE
BICTEGRAVIR
BETHANECHOL
BENPROPERINE PHOSPHATE
BENIDIPINE
BENFLUOREX
BEE POLLEN
BASILIXIMAB
BARNIDIPINE
BALSALAZIDE DISODIUM
BACITRACIN
ASPIRIN CALCIUM
ARGININE
ANTIHISTAMINES NOS
AMYLASE
AMPHETAMINE PHOSPHATE
ALVERINE
ALUMINUM SILICATE
ALPELISIB
ALOIN
ALFALFA
AJMALINE
ACRIVASTINE
ACOTIAMIDE HYDROCHLORIDE
ACETYLCARNITINE HYDROCHLORIDE
ABCIXIMAB
ZINC MONOETHYLFUMARATE
ZINC CITRATE
ZALCITABINE
WITCH HAZEL
VORAPAXAR
VISCUM ALBUM LEAF
VALPROATE MAGNESIUM
UREA
URAPIDIL HYDROCHLORIDE
UDENAFIL
U-47700
TYRAMINE
TULOBUTEROL
TROXERUTIN
TROMETHAMINE
TROFOSFAMIDE
TRIMETHADIONE
TRICLOFOS SODIUM
TREOSULFAN
TRAVOPROST
TRANYLCYPROMINE
TRANILAST
TOLRESTAT
TOLMETIN SODIUM
TIXOCORTOL
TIVANTINIB
TIRAPAZAMINE
TIRABRUTINIB
TIQUIZIUM BROMIDE
TIEMONIUM
TIARAMIDE HYDROCHLORIDE
TIAGABINE HYDROCHLORIDE
TIAGABINE
THYMOCYTE IMMUNE GLOBULIN NOS
THIORIDAZINE HYDROCHLORIDE
THEODRENALINE
THEANINE
TETRANDRINE
TETRAMETHYLPYRAZINE
TETRAHYDROURIDINE
TESTOSTERONE ENANTHATE
TESTOSTERONE CYPIONATE
TERPIN HYDRATE
TENELIGLIPTIN HYDROBROMIDE HYDRATE
TEGASEROD MALEATE
TEGASEROD
TANDOSPIRONE
TALIGLUCERASE ALFA
SULTAMICILLIN
SULFAPYRIDINE
 SULFAMETHOXAZOLE
SUCCINYLCHOLINE CHLORIDE
STANOZOLOL
STANNOUS FLUORIDE
SPARFLOXACIN
SODIUM SELENITE
SODIUM PHOSPHATE, DIBASIC, HEPTAHYDRATE
SODIUM PHENYLBUTYRATE
SODIUM PERCHLORATE MONOHYDRATE
SODIUM MOLYBDATE
SODIUM IOXITHALAMATE
SODIUM IODIDE I-123
SODIUM FERRIC GLUCONATE COMPLEX
SODIUM CHLORATE
SODIUM CARBONATE
SODIUM CAMPHORSULFONATE
SITAFLOXACIN
SILICON DIOXIDE
SIBUTRAMINE
SETIPTILINE
SERTINDOLE
SERRAPEPTASE
SEROTONIN
SENNOSIDE B
SENNOSIDE A
SALMETEROL
SAFFLOWER OIL
ROMIPLOSTIM
RIMANTADINE HYDROCHLORIDE
RILMAZAFONE
RIFAMYCIN SODIUM
RIFAMPIN SODIUM
RED CLOVER
REBOXETINE MESYLATE
RASBURICASE
QUINIDINE GLUCONATE
QUINACRINE
QUERCUS SALICINA STEM
QUERCETIN
PYRANTEL PAMOATE
PROTAMINE
PROPYPHENAZONE OR IBUPROFEN
PROPYLENE GLYCOL
PROPOLIS WAX
PROPOFOL
PROPATYL NITRATE
PROPANTHELINE BROMIDE
PROMETHAZINE TEOCLATE
PROMETHAZINE METHYLENEDISALICYLATE
PROMESTRIENE
PRILOCAINE
PRANLUKAST HEMIHYDRATE
PRAMIRACETAM SULFATE
POTASSIUM SODIUM SULFATE
POTASSIUM PHOSPHATE, DIBASIC
POTASSIUM PHOSPHATE
POTASSIUM NITRATE
POTASSIUM IOD
POTASSIUM GUAIACOLSULFONATE
POTASSIUM ASPARTATE ANHYDROUS
PORACTANT ALFA
POLYSTYRENE SULFONIC ACID
POLYMYXIN B SULFATE
POLYMYXIN B
POLYCARBOPHIL
POLIDOCANOL
PIZOTYLINE
PITOFENONE HYDROCHLORIDE
PIMPINELLA ANISUM WHOLE
PIMAVANSERIN
PHLOROGLUCINOL DIHYDRATE
PHLEUM PRATENSE POLLEN
PHENYLTOLOXAMINE
PHENYLPROPANOLAMINE HYDROCHLORIDE
PHENYLEPHRINE HYDROCHLORIDE OR HOMEOPATHICS
PHENYLEPHRINE HYDROCHLORIDE OR ACETAMINOPHEN
PHENOXYBENZAMINE
PHENIRAMINE
PHENETHYLAMINE
PHENDIMETRAZINE TARTRATE
PERMETHRIN
PERAZINE DIMALONATE
PERAZINE
PENTOBARBITAL
PENTAMIDINE
PEMOLINE
PEMETREXED
PEGINTERFERON ALFA-2B
PEGINTERFERON ALFA-2A
PASSIFLORA INCARNATA FLOWER
PAPAIN
PAMIDRONATE DISODIUM
OXAZOLAM
OXATOMIDE
OXANDROLONE
OXALIPLATIN
OTILONIUM BROMIDE
OTERACIL POTASSIUM
ORTERONEL
ORNITHINE OXOGLURATE
ORNITHINE ASPARTATE
ORNIDAZOLE
ORGOTEIN
OPIUM, POWDERED
OMEGA-6 FATTY ACIDS
OLSALAZINE SODIUM
OLODATEROL HYDROCHLORIDE
OCRELIZUMAB
NONOXYNOL-10
NOMEGESTROL
NITROFURAZONE
NINTEDANIB ESYLATE
NEFAZODONE
NATALIZUMAB
NALMEFENE HYDROCHLORIDE
NAFRONYL OXALATE
MUPIROCIN
MOSAPRAMINE
MORPHINE TARTRATE
MONTELUKAST
MOEXIPRIL HYDROCHLORIDE
MIZOLASTINE
MIDAZOLAM MALEATE
MICAFUNGIN
METRELEPTIN
METHYLTESTOSTERONE
METHYLPREDNISOLONE SODIUM PHOSPHATE
METHYLEPHEDRINE HYDROCHLORIDE, (+/-)-
METHOXYPHENAMINE
METHOXSALEN
METHAZOLAMIDE
MEPENZOLATE BROMIDE
 MENAQUINONE 6
MENADIOL
MEFRUSIDE
MARGARINE
MAMMAL LIVER
MAGNESIUM STEARATE
MAGNESIUM PIDOLATE
MAGNESIUM MONOETHYLFUMARATE
MAGNESIUM LACTATE
MAGNESIUM GLYCINATE
LYSERGIDE
LITHIUM CHLORIDE
LISDEXAMFETAMINE
LINSITINIB
LINOLEIC ACID
LEVONORGESTREL ACETATE
LEVOMETHADONE
LEVOFLOXACIN SODIUM
LEVALBUTEROL TARTRATE
LEVALBUTEROL HYDROCHLORIDE
LECITHIN, SOYBEAN
LANTHANUM
LANREOTIDE ACETATE
KETAZOLAM
KERATIN
KANAMYCIN A SULFATE
KANAMYCIN
IVOSIDENIB
ITOPRIDE HYDROCHLORIDE
ISOXSUPRINE HYDROCHLORIDE
ISOCARBOXAZID
IRON SUCROSE
IRINOTECAN HYDROCHLORIDE
IRBINITINIB
IPECAC
INTERFERON ALFA-2B
INTERFERON
INSULIN DEFALAN (PORCINE)
INSULIN DEFALAN (BOVINE)
INOSITOL
INFLUENZA B VIRUS B/MASSACHUSETTS/2/2012 ANTIGEN (FORMALDE
INFLUENZA A VIRUS A/VICTORIA/210/2009 X-187 (H3N2) ANTIGEN (FORMALDEHYDE INACTIVATED)
INFLUENZA A VIRUS A/TEXAS/50/2012 X-223A (H3N2) ANTIGEN (FORMALDEHYDE INACTIVATED)
INDISETRON HYDROCHLORIDE
INDINAVIR
IMMUNE GLOBULIN NOS
IMIPRAMINE PAMOATE
IDARUCIZUMAB
HYPROMELLOSES
HYPERICUM PERFORATUM EXTRACT
HYDROGEN PEROXIDE
HYDROCORTISONE ACETATE
HYDROCHLORIC ACID
HUMAN IMMUNOGLOBULIN G
HIDROSMIN
HELIUM
GUAR GUM
GUANABENZ ACETATE
GRISEOFULVIN
GOLD SODIUM THIOMALATE
GOLD
GLYCYRRHIZA EXTRACT
GLUTATHIONE
GLUTAMIC ACID
GLASDEGIB
GENTIANA LUTEA ROOT
GENTAMICIN SULFATE
GELATIN
GATIFLOXACIN
GARENOXACIN
GAMMA ORYZANOL
GALACTOSE
FUSIDATE SODIUM
FRUCTOSE
FROVATRIPTAN
FOSTEMSAVIR TROMETHAMINE
FLURBIPROFEN AXETIL
FLURANDRENOLIDE
FLUOCINOLONE ACETONIDE
FLUMAZENIL
FLUCYTOSINE
FLUCLOXACILLIN SODIUM ANHYDROUS
FIG FRUIT OIL
FEVIPIPRANT
FERROUS OXALATE
FERROUS GLUCEPTATE
FERROUS ASPARTO GLYCINATE
FERROUS ASCORBATE
FERROGLYCINE SULFATE
FERRITIN
FENUGREEK SEED
FENPIVERINIUM BROMIDE
FELBAMATE
FAVIPIRAVIR
FAROPENEM SODIUM
EXENATIDE
EVOLOCUMAB
EUPATORIUM PERFOLIATUM FLOWERING TOP
EUCALYPTUS OIL
EUCALYPTUS GLOBULUS LEAF
ETONOGESTREL
ETIFOXINE HYDROCHLORIDE
ETHACRIDINE LACTATE
ESTROGENS, CONJUGATED SYNTHETIC B
ESTRIOL
ESTRAMUSTINE
ESTRADIOL HEMIHYDRATE
ESLICARBAZEPINE
ESCITALOPRAM
ESCIN
ERISMODEGIB
ERIBULIN
ERGOLOID MESYLATES
EQUINE THYMOCYTE IMMUNE GLOBULIN
EPOPROSTENOL SODIUM
EPOPROSTENOL
EPIRUBICIN HYDROCHLORIDE
EPHEDRA SINICA STEM
EPHEDRA
EPERISONE
ENTEROCOCCUS FAECALIS
ENALAPRILAT
ECHINACEA, UNSPECIFIED
DRIMIA MARITIMA BULB
DOXORUBICIN HYDROCHLORIDE
DOXORUBICIN
DORZOLAMIDE HYDROCHLORIDE
DORZOLAMIDE
DORAVIRINE
DOPAMINE
DOCOSANOL
DOCARPAMINE
DISODIUM FUMARATE
DIMETHICONE 410
DIHYDROXYALUMINUM SODIUM CARBONATE
DIHYDROXYALUMINUM AMINOACETATE
DIHYDROERGOCRISTINE MESYLATE
DIHYDRALAZINE MESYLATE
DIGITALIS
DIETHYLPROPION HYDROCHLORIDE
DIETHYLPROPION
DIETHYLENE GLYCOL MONOETHYL ETHER
DICLOFENAC EPOLAMINE
DICHLORALPHENAZONE
DIAMORPHINE
DEXFENFLURAMINE HYDROCHLORIDE
DENOPAMINE
DELTAMETHRIN
DEHYDROCHOLIC ACID
DECITABINE
DARIFENACIN
DARATUMUMAB
DAPRODUSTAT
DANIRIXIN
CYSTINE
CYSTEINE
CYCLIZINE HYDROCHLORIDE
CYANOCOBALAMIN CO-57
CRATAEGUS LAEVIGATA FRUIT
COUMARIN
CORTICOTROPIN
COPPER GLUCONATE
COPPER
COLESTILAN CHLORIDE
COLESEVELAM
COFFEE BEAN
COENZYME A
CODEINE SULFATE
COBAMAMIDE
CLOBETASOL PROPIONATE
CLIDINIUM
CLEVIDIPINE
CLEBOPRIDE MALATE
CISPLATIN
CINNAMALDEHYDE
CHYMOTRYPSIN
CHOLINE SALICYLATE
CHOLINE BITARTRATE
CHOLINE ALFOSCERATE
CHLORPHENESIN CARBAMATE
CHLOROPYRAMINE HYDROCHLORIDE
CHLOROPYRAMINE
CHLORMADINONE
CHLORHEXIDINE HYDROCHLORIDE
CHENODIOL
CERTOPARIN SODIUM
CEPHALORIDINE
CELERY
CEFOXITIN SODIUM
CEFOTAXIME SODIUM
CEFEPIME HYDROCHLORIDE
CEFAZOLIN SODIUM
CEFAZOLIN
CASPOFUNGIN ACETATE
CARVEDILOL HYDROCHLORIDE
CARTEOLOL
CARBOCYSTEINE LYSINE
CARBINOXAMINE MALEATE
CAPSAICIN
CAMPHOR (NATURAL)
CAMPHOR
CALCIUM MONOETHYLFUMARATE
CALCIPOTRIENE HYDRATE
CALCIPOTRIENE
CAFFEINE OR CAFFEINE
CAFEDRINE
BUTENAFINE HYDROCHLORIDE
BUTALBITAL SODIUM
BUPROPION HYDROBROMIDE
BUPIVACAINE HYDROCHLORIDE
BULLEYACONITINE A
BUCOLOME
BROMPERIDOL
BRINZOLAMIDE
BORIC ACID
BORAGE OIL
BLACK COHOSH
BISULEPIN
BIOFLAVONOIDS
BINEDALINE HYDROCHLORIDE
BIFIDOBACTERIUM BIFIDUM
BIFENDATE
BICARBONATE ION
.BETA.-SITOSTEROL
BERBERINE CHLORIDE
BENZTHIAZIDE
BENZOYL PEROXIDE
BENDAMUSTINE
BELIMUMAB
BELATACEPT
BAMBUTEROL HYDROCHLORIDE
AZULENE
AZELASTINE
ASTEMIZOLE
ASPIRIN SODIUM
ASPARTIC ACID
ARTICHOKE
AROTINOLOL
ARNICA MONTANA
ARFORMOTEROL TARTRATE
ARABICA COFFEE BEAN
APOMORPHINE HYDROCHLORIDE
APOMORPHINE
ANTIMONY POTASSIUM TARTRATE
ANTIHEMOPHILIC FACTOR, HUMAN RECOMBINANT
ANISODAMINE
ANAGRELIDE
AMPRENAVIR
AMPICILLIN TRIHYDRATE
AMPHETAMINE ADIPATE
AMMONIA
AMINOBENZOIC ACID
AMIFAMPRIDINE PHOSPHATE
AMBROXOL ACEFYLLINATE
AMARANTH
ALUMINUM ZIRCONIUM TRICHLOROHYDREX GLY
ALTRETAMINE
ALPHA-TOCOPHEROL ACETATE
.ALPHA.-TOCOPHEROL ACETATE
ALPHA-TOCOPHEROL
.ALPHA.-CYPERMETHRIN
ALOSETRON
ALMOTRIPTAN
ALMITRINE
ALMAGATE
ALLOPURINOL SODIUM
ALLANTOIN
ALITRETINOIN
ALEMTUZUMAB
ALDIOXA
ALACEPRIL
ADENOSINE TRIPHOSPHATE DISODIUM
ADENINE
ACETYLCARNITINE
ACETOHYDROXAMIC ACID
ABALOPARATIDE
4-HYDROXY-3-METHOXYBENZENESULFONIC
2,4-DINITROPHENOL
